[0.029s] Invoking command in '/home/armaan/dev_ws/build/articubot_1': CMAKE_PREFIX_PATH=${CMAKE_PREFIX_PATH}:/opt/ros/humble /usr/bin/cmake --build /home/armaan/dev_ws/build/articubot_1 -- -j6 -l6
[0.289s] Invoked command in '/home/armaan/dev_ws/build/articubot_1' returned '0': CMAKE_PREFIX_PATH=${CMAKE_PREFIX_PATH}:/opt/ros/humble /usr/bin/cmake --build /home/armaan/dev_ws/build/articubot_1 -- -j6 -l6
[0.314s] Invoking command in '/home/armaan/dev_ws/build/articubot_1': CMAKE_PREFIX_PATH=${CMAKE_PREFIX_PATH}:/opt/ros/humble /usr/bin/cmake --install /home/armaan/dev_ws/build/articubot_1
[0.331s] -- Install configuration: ""
[0.332s] -- Execute custom install script
[0.332s] -- Up-to-date symlink: /home/armaan/dev_ws/install/articubot_1/share/articubot_1/config/empty.yaml
[0.332s] -- Up-to-date symlink: /home/armaan/dev_ws/install/articubot_1/share/articubot_1/config/firstconfig.rviz
[0.332s] -- Up-to-date symlink: /home/armaan/dev_ws/install/articubot_1/share/articubot_1/description/inertial_macros.xacro
[0.332s] -- Up-to-date symlink: /home/armaan/dev_ws/install/articubot_1/share/articubot_1/description/robot.urdf.xacro
[0.333s] -- Up-to-date symlink: /home/armaan/dev_ws/install/articubot_1/share/articubot_1/description/robot_core.xacro
[0.335s] -- Up-to-date symlink: /home/armaan/dev_ws/install/articubot_1/share/articubot_1/launch/launch_sim.launch.py
[0.335s] -- Up-to-date symlink: /home/armaan/dev_ws/install/articubot_1/share/articubot_1/launch/rsp.launch.py
[0.335s] -- Up-to-date symlink: /home/armaan/dev_ws/install/articubot_1/share/articubot_1/worlds/empty.world
[0.336s] -- Up-to-date symlink: /home/armaan/dev_ws/install/articubot_1/share/ament_index/resource_index/package_run_dependencies/articubot_1
[0.336s] -- Up-to-date symlink: /home/armaan/dev_ws/install/articubot_1/share/ament_index/resource_index/parent_prefix_path/articubot_1
[0.336s] -- Up-to-date symlink: /home/armaan/dev_ws/install/articubot_1/share/articubot_1/environment/ament_prefix_path.sh
[0.337s] -- Up-to-date symlink: /home/armaan/dev_ws/install/articubot_1/share/articubot_1/environment/ament_prefix_path.dsv
[0.338s] -- Up-to-date symlink: /home/armaan/dev_ws/install/articubot_1/share/articubot_1/environment/path.sh
[0.338s] -- Up-to-date symlink: /home/armaan/dev_ws/install/articubot_1/share/articubot_1/environment/path.dsv
[0.338s] -- Up-to-date symlink: /home/armaan/dev_ws/install/articubot_1/share/articubot_1/local_setup.bash
[0.338s] -- Up-to-date symlink: /home/armaan/dev_ws/install/articubot_1/share/articubot_1/local_setup.sh
[0.339s] -- Up-to-date symlink: /home/armaan/dev_ws/install/articubot_1/share/articubot_1/local_setup.zsh
[0.339s] -- Up-to-date symlink: /home/armaan/dev_ws/install/articubot_1/share/articubot_1/local_setup.dsv
[0.339s] -- Symlinking: /home/armaan/dev_ws/install/articubot_1/share/articubot_1/package.dsv
[0.382s] -- Up-to-date symlink: /home/armaan/dev_ws/install/articubot_1/share/ament_index/resource_index/packages/articubot_1
[0.382s] -- Up-to-date symlink: /home/armaan/dev_ws/install/articubot_1/share/articubot_1/cmake/articubot_1Config.cmake
[0.382s] -- Up-to-date symlink: /home/armaan/dev_ws/install/articubot_1/share/articubot_1/cmake/articubot_1Config-version.cmake
[0.382s] -- Up-to-date symlink: /home/armaan/dev_ws/install/articubot_1/share/articubot_1/package.xml
[0.399s] Invoked command in '/home/armaan/dev_ws/build/articubot_1' returned '0': CMAKE_PREFIX_PATH=${CMAKE_PREFIX_PATH}:/opt/ros/humble /usr/bin/cmake --install /home/armaan/dev_ws/build/articubot_1
