[0.789s] DEBUG:colcon:Command line arguments: ['/usr/bin/colcon', 'build', '--symlink-install']
[0.789s] DEBUG:colcon:Parsed command line arguments: Namespace(log_base=None, log_level=None, verb_name='build', build_base='build', install_base='install', merge_install=False, symlink_install=True, test_result_base=None, continue_on_error=False, executor='parallel', parallel_workers=6, event_handlers=None, ignore_user_meta=False, metas=['./colcon.meta'], base_paths=['.'], packages_ignore=None, packages_ignore_regex=None, paths=None, packages_up_to=None, packages_up_to_regex=None, packages_above=None, packages_above_and_dependencies=None, packages_above_depth=None, packages_select_by_dep=None, packages_skip_by_dep=None, packages_skip_up_to=None, packages_select_build_failed=False, packages_skip_build_finished=False, packages_select_test_failures=False, packages_skip_test_passed=False, packages_select=None, packages_skip=None, packages_select_regex=None, packages_skip_regex=None, packages_start=None, packages_end=None, allow_overriding=[], cmake_args=None, cmake_target=None, cmake_target_skip_unavailable=False, cmake_clean_cache=False, cmake_clean_first=False, cmake_force_configure=False, ament_cmake_args=None, catkin_cmake_args=None, catkin_skip_building_tests=False, mixin_files=None, mixin=None, verb_parser=<colcon_mixin.mixin.mixin_argument.MixinArgumentDecorator object at 0x76739dc39b10>, verb_extension=<colcon_core.verb.build.BuildVerb object at 0x76739ddae620>, main=<bound method BuildVerb.main of <colcon_core.verb.build.BuildVerb object at 0x76739ddae620>>, mixin_verb=('build',))
[1.819s] Level 1:colcon.colcon_core.package_discovery:discover_packages(colcon_meta) check parameters
[1.820s] Level 1:colcon.colcon_core.package_discovery:discover_packages(recursive) check parameters
[1.822s] Level 1:colcon.colcon_core.package_discovery:discover_packages(ignore) check parameters
[1.822s] Level 1:colcon.colcon_core.package_discovery:discover_packages(path) check parameters
[1.823s] Level 1:colcon.colcon_core.package_discovery:discover_packages(colcon_meta) discover
[1.824s] Level 1:colcon.colcon_core.package_discovery:discover_packages(recursive) discover
[1.824s] INFO:colcon.colcon_core.package_discovery:Crawling recursively for packages in '/home/armaan/dev_ws'
[1.824s] Level 1:colcon.colcon_core.package_identification:_identify(.) by extensions ['ignore', 'ignore_ament_install']
[1.830s] Level 1:colcon.colcon_core.package_identification:_identify(.) by extension 'ignore'
[1.831s] Level 1:colcon.colcon_core.package_identification:_identify(.) by extension 'ignore_ament_install'
[1.831s] Level 1:colcon.colcon_core.package_identification:_identify(.) by extensions ['colcon_pkg']
[1.831s] Level 1:colcon.colcon_core.package_identification:_identify(.) by extension 'colcon_pkg'
[1.831s] Level 1:colcon.colcon_core.package_identification:_identify(.) by extensions ['colcon_meta']
[1.831s] Level 1:colcon.colcon_core.package_identification:_identify(.) by extension 'colcon_meta'
[1.831s] Level 1:colcon.colcon_core.package_identification:_identify(.) by extensions ['ros']
[1.831s] Level 1:colcon.colcon_core.package_identification:_identify(.) by extension 'ros'
[1.887s] Level 1:colcon.colcon_core.package_identification:_identify(.) by extensions ['cmake', 'python']
[1.887s] Level 1:colcon.colcon_core.package_identification:_identify(.) by extension 'cmake'
[1.888s] Level 1:colcon.colcon_core.package_identification:_identify(.) by extension 'python'
[1.888s] Level 1:colcon.colcon_core.package_identification:_identify(.) by extensions ['python_setup_py']
[1.888s] Level 1:colcon.colcon_core.package_identification:_identify(.) by extension 'python_setup_py'
[1.889s] Level 1:colcon.colcon_core.package_identification:_identify(build) by extensions ['ignore', 'ignore_ament_install']
[1.890s] Level 1:colcon.colcon_core.package_identification:_identify(build) by extension 'ignore'
[1.890s] Level 1:colcon.colcon_core.package_identification:_identify(build) ignored
[1.891s] Level 1:colcon.colcon_core.package_identification:_identify(install) by extensions ['ignore', 'ignore_ament_install']
[1.892s] Level 1:colcon.colcon_core.package_identification:_identify(install) by extension 'ignore'
[1.892s] Level 1:colcon.colcon_core.package_identification:_identify(install) ignored
[1.893s] Level 1:colcon.colcon_core.package_identification:_identify(log) by extensions ['ignore', 'ignore_ament_install']
[1.893s] Level 1:colcon.colcon_core.package_identification:_identify(log) by extension 'ignore'
[1.893s] Level 1:colcon.colcon_core.package_identification:_identify(log) ignored
[1.893s] Level 1:colcon.colcon_core.package_identification:_identify(src) by extensions ['ignore', 'ignore_ament_install']
[1.893s] Level 1:colcon.colcon_core.package_identification:_identify(src) by extension 'ignore'
[1.894s] Level 1:colcon.colcon_core.package_identification:_identify(src) by extension 'ignore_ament_install'
[1.894s] Level 1:colcon.colcon_core.package_identification:_identify(src) by extensions ['colcon_pkg']
[1.894s] Level 1:colcon.colcon_core.package_identification:_identify(src) by extension 'colcon_pkg'
[1.894s] Level 1:colcon.colcon_core.package_identification:_identify(src) by extensions ['colcon_meta']
[1.894s] Level 1:colcon.colcon_core.package_identification:_identify(src) by extension 'colcon_meta'
[1.894s] Level 1:colcon.colcon_core.package_identification:_identify(src) by extensions ['ros']
[1.894s] Level 1:colcon.colcon_core.package_identification:_identify(src) by extension 'ros'
[1.894s] Level 1:colcon.colcon_core.package_identification:_identify(src) by extensions ['cmake', 'python']
[1.894s] Level 1:colcon.colcon_core.package_identification:_identify(src) by extension 'cmake'
[1.894s] Level 1:colcon.colcon_core.package_identification:_identify(src) by extension 'python'
[1.895s] Level 1:colcon.colcon_core.package_identification:_identify(src) by extensions ['python_setup_py']
[1.895s] Level 1:colcon.colcon_core.package_identification:_identify(src) by extension 'python_setup_py'
[1.895s] Level 1:colcon.colcon_core.package_identification:_identify(src/articubot_1) by extensions ['ignore', 'ignore_ament_install']
[1.895s] Level 1:colcon.colcon_core.package_identification:_identify(src/articubot_1) by extension 'ignore'
[1.895s] Level 1:colcon.colcon_core.package_identification:_identify(src/articubot_1) by extension 'ignore_ament_install'
[1.895s] Level 1:colcon.colcon_core.package_identification:_identify(src/articubot_1) by extensions ['colcon_pkg']
[1.895s] Level 1:colcon.colcon_core.package_identification:_identify(src/articubot_1) by extension 'colcon_pkg'
[1.895s] Level 1:colcon.colcon_core.package_identification:_identify(src/articubot_1) by extensions ['colcon_meta']
[1.895s] Level 1:colcon.colcon_core.package_identification:_identify(src/articubot_1) by extension 'colcon_meta'
[1.895s] Level 1:colcon.colcon_core.package_identification:_identify(src/articubot_1) by extensions ['ros']
[1.895s] Level 1:colcon.colcon_core.package_identification:_identify(src/articubot_1) by extension 'ros'
[1.911s] DEBUG:colcon.colcon_core.package_identification:Package 'src/articubot_1' with type 'ros.ament_cmake' and name 'articubot_1'
[1.912s] Level 1:colcon.colcon_core.package_discovery:discover_packages(recursive) using defaults
[1.912s] Level 1:colcon.colcon_core.package_discovery:discover_packages(ignore) discover
[1.913s] Level 1:colcon.colcon_core.package_discovery:discover_packages(ignore) using defaults
[1.913s] Level 1:colcon.colcon_core.package_discovery:discover_packages(path) discover
[1.914s] Level 1:colcon.colcon_core.package_discovery:discover_packages(path) using defaults
[2.079s] Level 1:colcon.colcon_core.package_discovery:discover_packages(prefix_path) check parameters
[2.082s] Level 1:colcon.colcon_core.package_discovery:discover_packages(prefix_path) discover
[2.095s] DEBUG:colcon.colcon_installed_package_information.package_discovery:Found 1 installed packages in /home/armaan/dev_ws/install
[2.099s] DEBUG:colcon.colcon_installed_package_information.package_discovery:Found 280 installed packages in /opt/ros/humble
[2.102s] Level 1:colcon.colcon_core.package_discovery:discover_packages(prefix_path) using defaults
[2.359s] Level 5:colcon.colcon_core.verb:set package 'articubot_1' build argument 'cmake_args' from command line to 'None'
[2.368s] Level 5:colcon.colcon_core.verb:set package 'articubot_1' build argument 'cmake_target' from command line to 'None'
[2.371s] Level 5:colcon.colcon_core.verb:set package 'articubot_1' build argument 'cmake_target_skip_unavailable' from command line to 'False'
[2.371s] Level 5:colcon.colcon_core.verb:set package 'articubot_1' build argument 'cmake_clean_cache' from command line to 'False'
[2.371s] Level 5:colcon.colcon_core.verb:set package 'articubot_1' build argument 'cmake_clean_first' from command line to 'False'
[2.372s] Level 5:colcon.colcon_core.verb:set package 'articubot_1' build argument 'cmake_force_configure' from command line to 'False'
[2.372s] Level 5:colcon.colcon_core.verb:set package 'articubot_1' build argument 'ament_cmake_args' from command line to 'None'
[2.372s] Level 5:colcon.colcon_core.verb:set package 'articubot_1' build argument 'catkin_cmake_args' from command line to 'None'
[2.372s] Level 5:colcon.colcon_core.verb:set package 'articubot_1' build argument 'catkin_skip_building_tests' from command line to 'False'
[2.372s] DEBUG:colcon.colcon_core.verb:Building package 'articubot_1' with the following arguments: {'ament_cmake_args': None, 'build_base': '/home/armaan/dev_ws/build/articubot_1', 'catkin_cmake_args': None, 'catkin_skip_building_tests': False, 'cmake_args': None, 'cmake_clean_cache': False, 'cmake_clean_first': False, 'cmake_force_configure': False, 'cmake_target': None, 'cmake_target_skip_unavailable': False, 'install_base': '/home/armaan/dev_ws/install/articubot_1', 'merge_install': False, 'path': '/home/armaan/dev_ws/src/articubot_1', 'symlink_install': True, 'test_result_base': None}
[2.372s] INFO:colcon.colcon_core.executor:Executing jobs using 'parallel' executor
[2.388s] DEBUG:colcon.colcon_parallel_executor.executor.parallel:run_until_complete
[2.390s] INFO:colcon.colcon_ros.task.ament_cmake.build:Building ROS package in '/home/armaan/dev_ws/src/articubot_1' with build type 'ament_cmake'
[2.395s] INFO:colcon.colcon_cmake.task.cmake.build:Building CMake package in '/home/armaan/dev_ws/src/articubot_1'
[2.412s] INFO:colcon.colcon_core.plugin_system:Skipping extension 'colcon_core.shell.bat': Not used on non-Windows systems
[2.414s] INFO:colcon.colcon_core.shell:Skip shell extension 'powershell' for command environment: Not usable outside of PowerShell
[2.414s] DEBUG:colcon.colcon_core.shell:Skip shell extension 'dsv' for command environment
[2.663s] DEBUG:colcon.colcon_core.event_handler.log_command:Invoking command in '/home/armaan/dev_ws/build/articubot_1': CMAKE_PREFIX_PATH=${CMAKE_PREFIX_PATH}:/opt/ros/humble /usr/bin/cmake --build /home/armaan/dev_ws/build/articubot_1 -- -j6 -l6
[3.321s] DEBUG:colcon.colcon_core.event_handler.log_command:Invoked command in '/home/armaan/dev_ws/build/articubot_1' returned '0': CMAKE_PREFIX_PATH=${CMAKE_PREFIX_PATH}:/opt/ros/humble /usr/bin/cmake --build /home/armaan/dev_ws/build/articubot_1 -- -j6 -l6
[3.476s] DEBUG:colcon.colcon_core.event_handler.log_command:Invoking command in '/home/armaan/dev_ws/build/articubot_1': CMAKE_PREFIX_PATH=${CMAKE_PREFIX_PATH}:/opt/ros/humble /usr/bin/cmake --install /home/armaan/dev_ws/build/articubot_1
[3.862s] Level 1:colcon.colcon_core.environment:create_environment_scripts_only(articubot_1)
[3.884s] DEBUG:colcon.colcon_core.event_handler.log_command:Invoked command in '/home/armaan/dev_ws/build/articubot_1' returned '0': CMAKE_PREFIX_PATH=${CMAKE_PREFIX_PATH}:/opt/ros/humble /usr/bin/cmake --install /home/armaan/dev_ws/build/articubot_1
[3.902s] Level 1:colcon.colcon_core.environment:checking '/home/armaan/dev_ws/install/articubot_1' for CMake module files
[3.919s] Level 1:colcon.colcon_core.environment:checking '/home/armaan/dev_ws/install/articubot_1' for CMake config files
[3.928s] Level 1:colcon.colcon_core.shell:create_environment_hook('articubot_1', 'cmake_prefix_path')
[3.931s] INFO:colcon.colcon_core.shell:Creating environment hook '/home/armaan/dev_ws/install/articubot_1/share/articubot_1/hook/cmake_prefix_path.ps1'
[3.944s] INFO:colcon.colcon_core.shell:Creating environment descriptor '/home/armaan/dev_ws/install/articubot_1/share/articubot_1/hook/cmake_prefix_path.dsv'
[3.957s] INFO:colcon.colcon_core.shell:Creating environment hook '/home/armaan/dev_ws/install/articubot_1/share/articubot_1/hook/cmake_prefix_path.sh'
[3.971s] Level 1:colcon.colcon_core.environment:checking '/home/armaan/dev_ws/install/articubot_1/bin'
[3.971s] Level 1:colcon.colcon_core.environment:checking '/home/armaan/dev_ws/install/articubot_1/lib/pkgconfig/articubot_1.pc'
[3.979s] Level 1:colcon.colcon_core.environment:checking '/home/armaan/dev_ws/install/articubot_1/lib/python3.10/site-packages'
[3.988s] Level 1:colcon.colcon_core.environment:checking '/home/armaan/dev_ws/install/articubot_1/bin'
[3.991s] INFO:colcon.colcon_core.shell:Creating package script '/home/armaan/dev_ws/install/articubot_1/share/articubot_1/package.ps1'
[4.007s] INFO:colcon.colcon_core.shell:Creating package descriptor '/home/armaan/dev_ws/install/articubot_1/share/articubot_1/package.dsv'
[4.031s] INFO:colcon.colcon_core.shell:Creating package script '/home/armaan/dev_ws/install/articubot_1/share/articubot_1/package.sh'
[4.041s] INFO:colcon.colcon_core.shell:Creating package script '/home/armaan/dev_ws/install/articubot_1/share/articubot_1/package.bash'
[4.050s] INFO:colcon.colcon_core.shell:Creating package script '/home/armaan/dev_ws/install/articubot_1/share/articubot_1/package.zsh'
[4.058s] Level 1:colcon.colcon_core.environment:create_file_with_runtime_dependencies(/home/armaan/dev_ws/install/articubot_1/share/colcon-core/packages/articubot_1)
[4.061s] Level 1:colcon.colcon_core.environment:create_environment_scripts_only(articubot_1)
[4.064s] Level 1:colcon.colcon_core.environment:checking '/home/armaan/dev_ws/install/articubot_1' for CMake module files
[4.070s] Level 1:colcon.colcon_core.environment:checking '/home/armaan/dev_ws/install/articubot_1' for CMake config files
[4.070s] Level 1:colcon.colcon_core.shell:create_environment_hook('articubot_1', 'cmake_prefix_path')
[4.076s] INFO:colcon.colcon_core.shell:Creating environment hook '/home/armaan/dev_ws/install/articubot_1/share/articubot_1/hook/cmake_prefix_path.ps1'
[4.078s] INFO:colcon.colcon_core.shell:Creating environment descriptor '/home/armaan/dev_ws/install/articubot_1/share/articubot_1/hook/cmake_prefix_path.dsv'
[4.079s] INFO:colcon.colcon_core.shell:Creating environment hook '/home/armaan/dev_ws/install/articubot_1/share/articubot_1/hook/cmake_prefix_path.sh'
[4.089s] Level 1:colcon.colcon_core.environment:checking '/home/armaan/dev_ws/install/articubot_1/bin'
[4.090s] Level 1:colcon.colcon_core.environment:checking '/home/armaan/dev_ws/install/articubot_1/lib/pkgconfig/articubot_1.pc'
[4.090s] Level 1:colcon.colcon_core.environment:checking '/home/armaan/dev_ws/install/articubot_1/lib/python3.10/site-packages'
[4.090s] Level 1:colcon.colcon_core.environment:checking '/home/armaan/dev_ws/install/articubot_1/bin'
[4.091s] INFO:colcon.colcon_core.shell:Creating package script '/home/armaan/dev_ws/install/articubot_1/share/articubot_1/package.ps1'
[4.107s] INFO:colcon.colcon_core.shell:Creating package descriptor '/home/armaan/dev_ws/install/articubot_1/share/articubot_1/package.dsv'
[4.113s] INFO:colcon.colcon_core.shell:Creating package script '/home/armaan/dev_ws/install/articubot_1/share/articubot_1/package.sh'
[4.119s] INFO:colcon.colcon_core.shell:Creating package script '/home/armaan/dev_ws/install/articubot_1/share/articubot_1/package.bash'
[4.126s] INFO:colcon.colcon_core.shell:Creating package script '/home/armaan/dev_ws/install/articubot_1/share/articubot_1/package.zsh'
[4.131s] Level 1:colcon.colcon_core.environment:create_file_with_runtime_dependencies(/home/armaan/dev_ws/install/articubot_1/share/colcon-core/packages/articubot_1)
[4.131s] DEBUG:colcon.colcon_parallel_executor.executor.parallel:closing loop
[4.131s] DEBUG:colcon.colcon_parallel_executor.executor.parallel:loop closed
[4.132s] DEBUG:colcon.colcon_parallel_executor.executor.parallel:run_until_complete finished with '0'
[4.133s] DEBUG:colcon.colcon_core.event_reactor:joining thread
[4.192s] INFO:colcon.colcon_core.plugin_system:Skipping extension 'colcon_notification.desktop_notification.notify_send': Could not find 'notify-send'
[4.199s] INFO:colcon.colcon_core.plugin_system:Skipping extension 'colcon_notification.desktop_notification.terminal_notifier': Not used on non-Darwin systems
[4.200s] INFO:colcon.colcon_core.plugin_system:Skipping extension 'colcon_notification.desktop_notification.win32': Not used on non-Windows systems
[4.200s] INFO:colcon.colcon_notification.desktop_notification:Sending desktop notification using 'notify2'
[4.415s] DEBUG:colcon.colcon_core.event_reactor:joined thread
[4.417s] INFO:colcon.colcon_core.shell:Creating prefix script '/home/armaan/dev_ws/install/local_setup.ps1'
[4.431s] INFO:colcon.colcon_core.shell:Creating prefix util module '/home/armaan/dev_ws/install/_local_setup_util_ps1.py'
[4.442s] INFO:colcon.colcon_core.shell:Creating prefix chain script '/home/armaan/dev_ws/install/setup.ps1'
[4.453s] INFO:colcon.colcon_core.shell:Creating prefix script '/home/armaan/dev_ws/install/local_setup.sh'
[4.457s] INFO:colcon.colcon_core.shell:Creating prefix util module '/home/armaan/dev_ws/install/_local_setup_util_sh.py'
[4.467s] INFO:colcon.colcon_core.shell:Creating prefix chain script '/home/armaan/dev_ws/install/setup.sh'
[4.472s] INFO:colcon.colcon_core.shell:Creating prefix script '/home/armaan/dev_ws/install/local_setup.bash'
[4.530s] INFO:colcon.colcon_core.shell:Creating prefix chain script '/home/armaan/dev_ws/install/setup.bash'
[4.543s] INFO:colcon.colcon_core.shell:Creating prefix script '/home/armaan/dev_ws/install/local_setup.zsh'
[4.559s] INFO:colcon.colcon_core.shell:Creating prefix chain script '/home/armaan/dev_ws/install/setup.zsh'
