[0.136s] Invoking command in '/home/armaan/dev_ws/build/articubot_1': CMAKE_PREFIX_PATH=${CMAKE_PREFIX_PATH}:/opt/ros/humble /usr/bin/cmake --build /home/armaan/dev_ws/build/articubot_1 -- -j6 -l6
[0.679s] Invoked command in '/home/armaan/dev_ws/build/articubot_1' returned '0': CMAKE_PREFIX_PATH=${CMAKE_PREFIX_PATH}:/opt/ros/humble /usr/bin/cmake --build /home/armaan/dev_ws/build/articubot_1 -- -j6 -l6
[0.817s] Invoking command in '/home/armaan/dev_ws/build/articubot_1': CMAKE_PREFIX_PATH=${CMAKE_PREFIX_PATH}:/opt/ros/humble /usr/bin/cmake --install /home/armaan/dev_ws/build/articubot_1
[0.887s] -- Install configuration: ""
[0.921s] -- Execute custom install script
[0.921s] -- Up-to-date symlink: /home/armaan/dev_ws/install/articubot_1/share/articubot_1/config/empty.yaml
[0.935s] -- Symlinking: /home/armaan/dev_ws/install/articubot_1/share/articubot_1/description/inertial_macros.xacro
[1.058s] -- Up-to-date symlink: /home/armaan/dev_ws/install/articubot_1/share/articubot_1/description/robot.urdf.xacro
[1.058s] -- Up-to-date symlink: /home/armaan/dev_ws/install/articubot_1/share/articubot_1/description/robot_core.xacro
[1.075s] -- Up-to-date symlink: /home/armaan/dev_ws/install/articubot_1/share/articubot_1/launch/rsp.launch.py
[1.097s] -- Up-to-date symlink: /home/armaan/dev_ws/install/articubot_1/share/articubot_1/worlds/empty.world
[1.097s] -- Up-to-date symlink: /home/armaan/dev_ws/install/articubot_1/share/ament_index/resource_index/package_run_dependencies/articubot_1
[1.097s] -- Up-to-date symlink: /home/armaan/dev_ws/install/articubot_1/share/ament_index/resource_index/parent_prefix_path/articubot_1
[1.097s] -- Up-to-date symlink: /home/armaan/dev_ws/install/articubot_1/share/articubot_1/environment/ament_prefix_path.sh
[1.099s] -- Up-to-date symlink: /home/armaan/dev_ws/install/articubot_1/share/articubot_1/environment/ament_prefix_path.dsv
[1.099s] -- Up-to-date symlink: /home/armaan/dev_ws/install/articubot_1/share/articubot_1/environment/path.sh
[1.099s] -- Up-to-date symlink: /home/armaan/dev_ws/install/articubot_1/share/articubot_1/environment/path.dsv
[1.100s] -- Up-to-date symlink: /home/armaan/dev_ws/install/articubot_1/share/articubot_1/local_setup.bash
[1.103s] -- Up-to-date symlink: /home/armaan/dev_ws/install/articubot_1/share/articubot_1/local_setup.sh
[1.103s] -- Up-to-date symlink: /home/armaan/dev_ws/install/articubot_1/share/articubot_1/local_setup.zsh
[1.103s] -- Up-to-date symlink: /home/armaan/dev_ws/install/articubot_1/share/articubot_1/local_setup.dsv
[1.103s] -- Symlinking: /home/armaan/dev_ws/install/articubot_1/share/articubot_1/package.dsv
[1.257s] -- Up-to-date symlink: /home/armaan/dev_ws/install/articubot_1/share/ament_index/resource_index/packages/articubot_1
[1.260s] -- Up-to-date symlink: /home/armaan/dev_ws/install/articubot_1/share/articubot_1/cmake/articubot_1Config.cmake
[1.260s] -- Up-to-date symlink: /home/armaan/dev_ws/install/articubot_1/share/articubot_1/cmake/articubot_1Config-version.cmake
[1.260s] -- Up-to-date symlink: /home/armaan/dev_ws/install/articubot_1/share/articubot_1/package.xml
[1.273s] Invoked command in '/home/armaan/dev_ws/build/articubot_1' returned '0': CMAKE_PREFIX_PATH=${CMAKE_PREFIX_PATH}:/opt/ros/humble /usr/bin/cmake --install /home/armaan/dev_ws/build/articubot_1
