[0.325s] Invoking command in '/home/armaan/dev_ws/build/articubot_1': CMAKE_PREFIX_PATH=/opt/ros/humble /usr/bin/cmake --build /home/armaan/dev_ws/build/articubot_1 -- -j6 -l6
[1.176s] Invoked command in '/home/armaan/dev_ws/build/articubot_1' returned '0': CMAKE_PREFIX_PATH=/opt/ros/humble /usr/bin/cmake --build /home/armaan/dev_ws/build/articubot_1 -- -j6 -l6
[1.310s] Invoking command in '/home/armaan/dev_ws/build/articubot_1': CMAKE_PREFIX_PATH=/opt/ros/humble /usr/bin/cmake --install /home/armaan/dev_ws/build/articubot_1
[1.389s] -- Install configuration: ""
[1.404s] -- Execute custom install script
[1.428s] -- Up-to-date symlink: /home/armaan/dev_ws/install/articubot_1/share/articubot_1/config/empty.yaml
[1.428s] -- Up-to-date symlink: /home/armaan/dev_ws/install/articubot_1/share/articubot_1/description/robot.urdf.xacro
[1.428s] -- Symlinking: /home/armaan/dev_ws/install/articubot_1/share/articubot_1/description/robot_core.xacro
[1.492s] -- Up-to-date symlink: /home/armaan/dev_ws/install/articubot_1/share/articubot_1/launch/rsp.launch.py
[1.498s] -- Up-to-date symlink: /home/armaan/dev_ws/install/articubot_1/share/articubot_1/worlds/empty.world
[1.518s] -- Up-to-date symlink: /home/armaan/dev_ws/install/articubot_1/share/ament_index/resource_index/package_run_dependencies/articubot_1
[1.539s] -- Up-to-date symlink: /home/armaan/dev_ws/install/articubot_1/share/ament_index/resource_index/parent_prefix_path/articubot_1
[1.563s] -- Up-to-date symlink: /home/armaan/dev_ws/install/articubot_1/share/articubot_1/environment/ament_prefix_path.sh
[1.563s] -- Up-to-date symlink: /home/armaan/dev_ws/install/articubot_1/share/articubot_1/environment/ament_prefix_path.dsv
[1.563s] -- Up-to-date symlink: /home/armaan/dev_ws/install/articubot_1/share/articubot_1/environment/path.sh
[1.563s] -- Up-to-date symlink: /home/armaan/dev_ws/install/articubot_1/share/articubot_1/environment/path.dsv
[1.564s] -- Up-to-date symlink: /home/armaan/dev_ws/install/articubot_1/share/articubot_1/local_setup.bash
[1.564s] -- Up-to-date symlink: /home/armaan/dev_ws/install/articubot_1/share/articubot_1/local_setup.sh
[1.564s] -- Up-to-date symlink: /home/armaan/dev_ws/install/articubot_1/share/articubot_1/local_setup.zsh
[1.564s] -- Up-to-date symlink: /home/armaan/dev_ws/install/articubot_1/share/articubot_1/local_setup.dsv
[1.564s] -- Symlinking: /home/armaan/dev_ws/install/articubot_1/share/articubot_1/package.dsv
[1.602s] -- Up-to-date symlink: /home/armaan/dev_ws/install/articubot_1/share/ament_index/resource_index/packages/articubot_1
[1.602s] -- Up-to-date symlink: /home/armaan/dev_ws/install/articubot_1/share/articubot_1/cmake/articubot_1Config.cmake
[1.603s] -- Up-to-date symlink: /home/armaan/dev_ws/install/articubot_1/share/articubot_1/cmake/articubot_1Config-version.cmake
[1.603s] -- Up-to-date symlink: /home/armaan/dev_ws/install/articubot_1/share/articubot_1/package.xml
[1.630s] Invoked command in '/home/armaan/dev_ws/build/articubot_1' returned '0': CMAKE_PREFIX_PATH=/opt/ros/humble /usr/bin/cmake --install /home/armaan/dev_ws/build/articubot_1
